{
  "id": "ddd",
  "name": "The Chateau",
  "manlat": null,
  "manlng": null,
  "lat": null,
  "lng": null,
  "address": "",
  "activity": null,
  "otherActivities": [],
  "websites": [],
  "validated": false
}