{
  "prefixes": {
    "https://dev.lod.coop/essglobal/2.1/standard/activities-ica/": "aci",
    "https://dev.lod.coop/essglobal/2.1/standard/base-membership-type/": "bmt",
    "https://dev.lod.coop/essglobal/2.1/standard/organisational-structure/": "os"
  },
  "languages": ["en", "fr"],
  "ui": {
    "directory_panel_field": "country_id",
    "filterableFields": [
      "country_id",
      "primary_activity",
      "organisational_structure",
      "typology"
    ]
  },
  "itemProps": {
    "id": {
      "type": "value",
      "from": "Identifier"
    },
    "name": {
      "type": "value",
      "search": true,
      "from": "Name"
    },
    "description": { "type": "value" },
    "lat": {
      "type": "value",
      "from": "Geocoded Latitude"
    },
    "lng": {
      "type": "value",
      "from": "Geocoded Longitude"
    },
    "address": {
      "type": "value",
      "search": true,
      "from": "Address"
    },
    "website": {
      "type": "multi",
      "of": {
        "type": "value"
      },
      "search": true
    },
    "dc_domains": {
      "type": "multi",
      "of": { "type": "value" },
      "titleUri": "ui:domains"
    },
    "country_id": {
      "type": "vocab",
      "uri": "coun:",
      "filter": true
    },
    "primary_activity": {
      "type": "vocab",
      "uri": "aci:",
      "titleUri": "ui:primary_activity",
      "filter": true
    },
    "organisational_structure": {
      "type": "vocab",
      "uri": "os:",
      "titleUri": "ui:organisational_structure"
    },
    "typology": {
      "type": "vocab",
      "uri": "bmt:",
      "titleUri": "ui:typology",
      "filter": true
    },
    "data_sources": {
      "type": "multi",
      "of": { "type": "vocab", "uri": "dso:" },
      "filter": true,
      "titleUri": "ui:data_sources"
    }
  },
  "vocabs": {
    "aci": {
      "en": {
        "title": "Economic Activity",
        "terms": {
          "ICA210": "Housing",
          "ICA220": "Transport",
          "ICA230": "Utilities"
        }
      },
      "fr": {
        "title": "Secteur économique",
        "terms": {
          "ICA210": "Logement",
          "ICA220": "Transports",
          "ICA230": "Services publics"
        }
      }
    },
    "bmt": {
      "en": {
        "title": "Typology",
        "terms": {
          "BMT10": "Consumer/Users",
          "BMT20": "Producers",
          "BMT30": "Workers"
        }
      },
      "fr": {
        "title": "Typologie",
        "terms": {
          "BMT10": "Consommateurs/usagers",
          "BMT20": "Producteurs",
          "BMT30": "Travailleurs"
        }
      }
    },
    "os": {
      "en": {
        "title": "Structure Type",
        "terms": {
          "OS60": "Workers cooperative",
          "OS80": "Consumer/User coops",
          "OS90": "Producer cooperative"
        }
      },
      "fr": {
        "title": "Type de structure",
        "terms": {
          "OS50": "Entreprise (autre)",
          "OS60": "Coopératives de travail associé",
          "OS80": "Coopératives de consommateurs",
          "OS90": "Coopératives de producteurs"
        }
      }
    },
    "coun": {
      "en": {
        "title": "Country",
        "terms": {
          "GB": "United Kingdom",
          "FR": "France"
        }
      },
      "fr": {
        "title": "Pays",
        "terms": {
          "GB": "Royaume-Uni",
          "FR": "France"
        }
      }
    },
    "dso": {
      "en": {
        "title": "Data Source",
        "terms": {
          "CUK": "Co-operatives UK",
          "DC": "DotCoop",
          "ICA": "International Cooperative Alliance",
          "NCBA": "National Cooperative Business Association (USA)"
        }
      },
      "fr": {
        "title": "Source de données",
        "terms": {
          "CUK": "Co-operatives UK",
          "DC": "DotCoop",
          "ICA": "Alliance coopérative internationale",
          "NCBA": "National Cooperative Business Association (USA)"
        }
      }
    },
    "ui": {
      "en": {
        "title": "Translations",
        "terms": {
          "primary_activity": "Primary Activity",
          "organisational_structure": "Organisational Structure",
          "typology": "Typology",
          "domains": "Domains",
          "data_sources": "Data Sources",
          "directory": "Directory",
          "matching_results_zero": "No matching results",
          "matching_results_one": "{{count}} matching result",
          "matching_results_other": "{{count}} matching results",
          "directory_entries_zero": "No directory entries",
          "directory_entries_one": "{{count}} directory entry",
          "directory_entries_other": "{{count}} directory entries",
          "search": "Search",
          "clear_search": "Clear Search",
          "any": "Any",
          "map": "Map",
          "about": "About",
          "apply_filters": "Apply Filters",
          "no_location_available": "No location data available"
        }
      },
      "fr": {
        "title": "Traductions",
        "terms": {
          "primary_activity": "Activité principale",
          "organisational_structure": "Structure organisationnelle",
          "typology": "Typologie",
          "domains": "Domaines",
          "data_sources": "Sources de données",
          "directory": "Annuaire",
          "matching_results_zero": "Aucun résultat correspondant",
          "matching_results_one": "{{count}} résultat correspondant",
          "matching_results_other": "{{count}} résultats correspondants",
          "directory_entries_zero": "Aucune entrée d'annuaire",
          "directory_entries_one": "{{count}} entrée d'annuaire",
          "directory_entries_other": "{{count}} entrées d'annuaire",
          "search": "Rechercher",
          "clear_search": "Effacer la recherche",
          "any": "Tout afficher",
          "map": "Carte",
          "about": "À propos",
          "apply_filters": "Appliquer les filtres",
          "no_location_available": "Aucune donnée de localisation disponible"
        }
      }
    }
  }
}
