[[-3.654778,51.608437],[-3.173305,55.964698],[-1.610894,54.974469],null]